// Jest Snapshot v1, https://goo.gl/fbAQLP

exports[`Header renders as expected 1`] = `
<div>
  <header
    className="header"
    role="banner"
  >
    <nav
      className="ui menu"
    >
      <a
        className="item"
        href="/#"
      >
        Jobs
      </a>
      <a
        className="item"
        href="/#"
      >
        Courses
      </a>
      <a
        className="item"
        href="/#"
      >
        Businesses for sale
      </a>
      <a
        className="item"
        href="/#"
      >
        Volunteering
      </a>
    </nav>
    <span
      className="logo"
    />
  </header>
</div>
`;
