// Jest Snapshot v1, https://goo.gl/fbAQLP

exports[`ClassifyContainer renders as expected 1`] = `
<div>
  <div>
    <h3
      className="ui header"
    >
      Choose your style of ad
    </h3>
    <div
      className="ui segment"
    >
      <div
        className="ui segment"
      >
        <table
          className="ui celled table"
        >
          <thead>
            <tr>
              <th>
                Classic
              </th>
              <th>
                StandOut
              </th>
              <th>
                Guaranteed Hire
              </th>
            </tr>
          </thead>
          <tbody>
            <tr>
              <td>
                <div
                  className="ui ribbon label"
                >
                  30 day listing on SEEK
                </div>
              </td>
              <td>
                <svg
                  height="16px"
                  style={
                    Object {
                      "display": "inline-block",
                      "verticalAlign": "middle",
                    }
                  }
                  viewBox="0 0 1024 1024"
                  width="16px"
                >
                  <path
                    d="M365.407 1022.185L90.677 747.457l67.883-67.882L365.406 886.42l479.977-479.988 67.883 67.882"
                    style={
                      Object {
                        "fill": "#000",
                      }
                    }
                  />
                </svg>
              </td>
              <td>
                <svg
                  height="16px"
                  style={
                    Object {
                      "display": "inline-block",
                      "verticalAlign": "middle",
                    }
                  }
                  viewBox="0 0 1024 1024"
                  width="16px"
                >
                  <path
                    d="M365.407 1022.185L90.677 747.457l67.883-67.882L365.406 886.42l479.977-479.988 67.883 67.882"
                    style={
                      Object {
                        "fill": "#000",
                      }
                    }
                  />
                </svg>
              </td>
              <td>
                <svg
                  height="16px"
                  style={
                    Object {
                      "display": "inline-block",
                      "verticalAlign": "middle",
                    }
                  }
                  viewBox="0 0 1024 1024"
                  width="16px"
                >
                  <path
                    d="M365.407 1022.185L90.677 747.457l67.883-67.882L365.406 886.42l479.977-479.988 67.883 67.882"
                    style={
                      Object {
                        "fill": "#000",
                      }
                    }
                  />
                </svg>
              </td>
            </tr>
            <tr>
              <td>
                <div
                  className="ui ribbon label"
                >
                  Unlimited changes
                </div>
              </td>
              <td>
                <svg
                  height="16px"
                  style={
                    Object {
                      "display": "inline-block",
                      "verticalAlign": "middle",
                    }
                  }
                  viewBox="0 0 1024 1024"
                  width="16px"
                >
                  <path
                    d="M365.407 1022.185L90.677 747.457l67.883-67.882L365.406 886.42l479.977-479.988 67.883 67.882"
                    style={
                      Object {
                        "fill": "#000",
                      }
                    }
                  />
                </svg>
              </td>
              <td>
                <svg
                  height="16px"
                  style={
                    Object {
                      "display": "inline-block",
                      "verticalAlign": "middle",
                    }
                  }
                  viewBox="0 0 1024 1024"
                  width="16px"
                >
                  <path
                    d="M365.407 1022.185L90.677 747.457l67.883-67.882L365.406 886.42l479.977-479.988 67.883 67.882"
                    style={
                      Object {
                        "fill": "#000",
                      }
                    }
                  />
                </svg>
              </td>
              <td>
                <svg
                  height="16px"
                  style={
                    Object {
                      "display": "inline-block",
                      "verticalAlign": "middle",
                    }
                  }
                  viewBox="0 0 1024 1024"
                  width="16px"
                >
                  <path
                    d="M365.407 1022.185L90.677 747.457l67.883-67.882L365.406 886.42l479.977-479.988 67.883 67.882"
                    style={
                      Object {
                        "fill": "#000",
                      }
                    }
                  />
                </svg>
              </td>
            </tr>
            <tr>
              <td>
                <div
                  className="ui ribbon label"
                >
                  Desktop, mobile and tablet
                </div>
              </td>
              <td>
                <svg
                  height="16px"
                  style={
                    Object {
                      "display": "inline-block",
                      "verticalAlign": "middle",
                    }
                  }
                  viewBox="0 0 1024 1024"
                  width="16px"
                >
                  <path
                    d="M365.407 1022.185L90.677 747.457l67.883-67.882L365.406 886.42l479.977-479.988 67.883 67.882"
                    style={
                      Object {
                        "fill": "#000",
                      }
                    }
                  />
                </svg>
              </td>
              <td>
                <svg
                  height="16px"
                  style={
                    Object {
                      "display": "inline-block",
                      "verticalAlign": "middle",
                    }
                  }
                  viewBox="0 0 1024 1024"
                  width="16px"
                >
                  <path
                    d="M365.407 1022.185L90.677 747.457l67.883-67.882L365.406 886.42l479.977-479.988 67.883 67.882"
                    style={
                      Object {
                        "fill": "#000",
                      }
                    }
                  />
                </svg>
              </td>
              <td>
                <svg
                  height="16px"
                  style={
                    Object {
                      "display": "inline-block",
                      "verticalAlign": "middle",
                    }
                  }
                  viewBox="0 0 1024 1024"
                  width="16px"
                >
                  <path
                    d="M365.407 1022.185L90.677 747.457l67.883-67.882L365.406 886.42l479.977-479.988 67.883 67.882"
                    style={
                      Object {
                        "fill": "#000",
                      }
                    }
                  />
                </svg>
              </td>
            </tr>
            <tr>
              <td>
                <div
                  className="ui ribbon label"
                >
                  Emailed to jobseekers
                </div>
              </td>
              <td>
                <svg
                  height="16px"
                  style={
                    Object {
                      "display": "inline-block",
                      "verticalAlign": "middle",
                    }
                  }
                  viewBox="0 0 1024 1024"
                  width="16px"
                >
                  <path
                    d="M365.407 1022.185L90.677 747.457l67.883-67.882L365.406 886.42l479.977-479.988 67.883 67.882"
                    style={
                      Object {
                        "fill": "#000",
                      }
                    }
                  />
                </svg>
              </td>
              <td>
                <svg
                  height="16px"
                  style={
                    Object {
                      "display": "inline-block",
                      "verticalAlign": "middle",
                    }
                  }
                  viewBox="0 0 1024 1024"
                  width="16px"
                >
                  <path
                    d="M365.407 1022.185L90.677 747.457l67.883-67.882L365.406 886.42l479.977-479.988 67.883 67.882"
                    style={
                      Object {
                        "fill": "#000",
                      }
                    }
                  />
                </svg>
              </td>
              <td>
                <svg
                  height="16px"
                  style={
                    Object {
                      "display": "inline-block",
                      "verticalAlign": "middle",
                    }
                  }
                  viewBox="0 0 1024 1024"
                  width="16px"
                >
                  <path
                    d="M365.407 1022.185L90.677 747.457l67.883-67.882L365.406 886.42l479.977-479.988 67.883 67.882"
                    style={
                      Object {
                        "fill": "#000",
                      }
                    }
                  />
                </svg>
              </td>
            </tr>
            <tr>
              <td>
                <div
                  className="ui ribbon label"
                >
                  3 selling points
                </div>
              </td>
              <td />
              <td>
                <svg
                  height="16px"
                  style={
                    Object {
                      "display": "inline-block",
                      "verticalAlign": "middle",
                    }
                  }
                  viewBox="0 0 1024 1024"
                  width="16px"
                >
                  <path
                    d="M365.407 1022.185L90.677 747.457l67.883-67.882L365.406 886.42l479.977-479.988 67.883 67.882"
                    style={
                      Object {
                        "fill": "#000",
                      }
                    }
                  />
                </svg>
              </td>
              <td>
                <svg
                  height="16px"
                  style={
                    Object {
                      "display": "inline-block",
                      "verticalAlign": "middle",
                    }
                  }
                  viewBox="0 0 1024 1024"
                  width="16px"
                >
                  <path
                    d="M365.407 1022.185L90.677 747.457l67.883-67.882L365.406 886.42l479.977-479.988 67.883 67.882"
                    style={
                      Object {
                        "fill": "#000",
                      }
                    }
                  />
                </svg>
              </td>
            </tr>
            <tr>
              <td>
                <div
                  className="ui ribbon label"
                >
                  Border to stand out
                </div>
              </td>
              <td />
              <td>
                <svg
                  height="16px"
                  style={
                    Object {
                      "display": "inline-block",
                      "verticalAlign": "middle",
                    }
                  }
                  viewBox="0 0 1024 1024"
                  width="16px"
                >
                  <path
                    d="M365.407 1022.185L90.677 747.457l67.883-67.882L365.406 886.42l479.977-479.988 67.883 67.882"
                    style={
                      Object {
                        "fill": "#000",
                      }
                    }
                  />
                </svg>
              </td>
              <td>
                <svg
                  height="16px"
                  style={
                    Object {
                      "display": "inline-block",
                      "verticalAlign": "middle",
                    }
                  }
                  viewBox="0 0 1024 1024"
                  width="16px"
                >
                  <path
                    d="M365.407 1022.185L90.677 747.457l67.883-67.882L365.406 886.42l479.977-479.988 67.883 67.882"
                    style={
                      Object {
                        "fill": "#000",
                      }
                    }
                  />
                </svg>
              </td>
            </tr>
            <tr>
              <td>
                <div
                  className="ui ribbon label"
                >
                  Logo to promote brand
                </div>
              </td>
              <td />
              <td>
                <svg
                  height="16px"
                  style={
                    Object {
                      "display": "inline-block",
                      "verticalAlign": "middle",
                    }
                  }
                  viewBox="0 0 1024 1024"
                  width="16px"
                >
                  <path
                    d="M365.407 1022.185L90.677 747.457l67.883-67.882L365.406 886.42l479.977-479.988 67.883 67.882"
                    style={
                      Object {
                        "fill": "#000",
                      }
                    }
                  />
                </svg>
              </td>
              <td>
                <svg
                  height="16px"
                  style={
                    Object {
                      "display": "inline-block",
                      "verticalAlign": "middle",
                    }
                  }
                  viewBox="0 0 1024 1024"
                  width="16px"
                >
                  <path
                    d="M365.407 1022.185L90.677 747.457l67.883-67.882L365.406 886.42l479.977-479.988 67.883 67.882"
                    style={
                      Object {
                        "fill": "#000",
                      }
                    }
                  />
                </svg>
              </td>
            </tr>
            <tr>
              <td>
                <div
                  className="ui ribbon label"
                >
                  We'll write your ad
                </div>
              </td>
              <td />
              <td />
              <td>
                <svg
                  height="16px"
                  style={
                    Object {
                      "display": "inline-block",
                      "verticalAlign": "middle",
                    }
                  }
                  viewBox="0 0 1024 1024"
                  width="16px"
                >
                  <path
                    d="M365.407 1022.185L90.677 747.457l67.883-67.882L365.406 886.42l479.977-479.988 67.883 67.882"
                    style={
                      Object {
                        "fill": "#000",
                      }
                    }
                  />
                </svg>
              </td>
            </tr>
            <tr>
              <td>
                <div
                  className="ui ribbon label"
                >
                  Guaranteed placement
                </div>
              </td>
              <td />
              <td />
              <td>
                <svg
                  height="16px"
                  style={
                    Object {
                      "display": "inline-block",
                      "verticalAlign": "middle",
                    }
                  }
                  viewBox="0 0 1024 1024"
                  width="16px"
                >
                  <path
                    d="M365.407 1022.185L90.677 747.457l67.883-67.882L365.406 886.42l479.977-479.988 67.883 67.882"
                    style={
                      Object {
                        "fill": "#000",
                      }
                    }
                  />
                </svg>
              </td>
            </tr>
          </tbody>
          <tfoot>
            <tr>
              <th
                colSpan="3"
              >
                <div
                  className="ui right floated pagination menu"
                >
                  <a
                    className="icon item"
                  >
                    <i
                      className="left chevron icon"
                    />
                  </a>
                  <a
                    className="item"
                  >
                    1
                  </a>
                  <a
                    className="item"
                  >
                    2
                  </a>
                  <a
                    className="item"
                  >
                    3
                  </a>
                  <a
                    className="item"
                  >
                    4
                  </a>
                  <a
                    className="icon item"
                  >
                    <i
                      className="right chevron icon"
                    />
                  </a>
                </div>
              </th>
            </tr>
          </tfoot>
        </table>
      </div>
    </div>
  </div>
</div>
`;
